// Jest Snapshot v1, https://goo.gl/fbAQLP

exports[`<ExampleScreen /> Container tests should render and match the snapshot 1`] = `
<View
  style={
    Array [
      Object {
        "display": "flex",
        "flexBasis": 0,
        "flexGrow": 1,
        "flexShrink": 1,
      },
      Object {
        "alignItems": "center",
        "alignSelf": "center",
        "flexBasis": 0,
        "flexGrow": 1,
        "flexShrink": 1,
        "justifyContent": "center",
        "marginBottom": 30,
        "marginLeft": 30,
        "marginRight": 30,
        "marginTop": 30,
        "maxWidth": 320,
      },
    ]
  }
>
  <View
    testID="example-container-content"
  >
    <View>
      <View
        style={
          Object {
            "height": 150,
            "marginBottom": 25,
            "width": "100%",
          }
        }
      >
        <Image
          resizeMode="contain"
          source={
            Object {
              "testUri": "../../../app/assets/images/wednesday-logo.png",
            }
          }
          style={
            Object {
              "alignSelf": "center",
              "height": "100%",
              "width": "100%",
            }
          }
        />
      </View>
      <Text
        style={
          Array [
            Object {
              "fontSize": 17,
              "fontStyle": "italic",
              "fontWeight": "normal",
              "marginBottom": 5,
              "textAlign": "center",
            },
          ]
        }
      >
        Press Cmd+R to reload,
Cmd+D or shake for dev menu.
      </Text>
    </View>
    <View
      style={
        Array [
          Object {},
        ]
      }
    >
      <Text
        style={
          Array [
            Object {
              "fontSize": 17,
              "fontWeight": "normal",
              "marginBottom": 5,
              "textAlign": "center",
            },
          ]
        }
      >
        character loves Wednesday
      </Text>
      <Text
        style={
          Array [
            Object {
              "fontSize": 17,
              "fontWeight": "normal",
              "marginBottom": 5,
              "textAlign": "center",
            },
          ]
        }
      >
        because
      </Text>
      <Image
        resizeMode="contain"
        source={
          Object {
            "uri": undefined,
          }
        }
        style={
          Array [
            Object {
              "height": 80,
              "marginBottom": 0,
              "marginLeft": "auto",
              "marginRight": "auto",
              "marginTop": 0,
              "width": 80,
            },
          ]
        }
        testID="character-image"
      />
      <Text
        style={
          Array [
            Object {
              "fontSize": 17,
              "fontWeight": "normal",
              "marginBottom": 5,
              "textAlign": "center",
            },
          ]
        }
      />
    </View>
    <View
      style={
        Array [
          Object {
            "alignSelf": "center",
            "marginTop": 40,
            "maxWidth": 80,
          },
        ]
      }
    >
      <View
        accessibilityRole="button"
        accessible={true}
        collapsable={false}
        focusable={true}
        onClick={[Function]}
        onResponderGrant={[Function]}
        onResponderMove={[Function]}
        onResponderRelease={[Function]}
        onResponderTerminate={[Function]}
        onResponderTerminationRequest={[Function]}
        onStartShouldSetResponder={[Function]}
        style={
          Object {
            "opacity": 1,
          }
        }
      >
        <View
          style={
            Array [
              Object {},
            ]
          }
        >
          <Text
            style={
              Array [
                Object {
                  "color": "#007AFF",
                  "fontSize": 18,
                  "margin": 8,
                  "textAlign": "center",
                },
              ]
            }
          >
            Refresh
          </Text>
        </View>
      </View>
    </View>
  </View>
</View>
`;
