// Jest Snapshot v1, https://goo.gl/fbAQLP

exports[`<ExampleScreen /> Container tests should render and match the snapshot 1`] = `
<View
  pointerEvents="box-none"
  style={
    Object {
      "flex": 1,
    }
  }
>
  <View
    collapsable={true}
    pointerEvents="box-none"
    style={
      Object {
        "flex": 1,
      }
    }
  >
    <View
      style={
        Array [
          Object {
            "display": "flex",
            "flexBasis": 0,
            "flexGrow": 1,
            "flexShrink": 1,
          },
          Object {
            "flexBasis": 0,
            "flexGrow": 1,
            "flexShrink": 1,
            "justifyContent": "center",
            "marginBottom": 30,
            "marginLeft": 30,
            "marginRight": 30,
            "marginTop": 30,
          },
        ]
      }
      testID="container"
    >
      <View
        testID="example-container-content"
      >
        <View
          style={
            Array [
              Object {
                "height": 150,
                "marginBottom": 25,
                "width": "100%",
              },
            ]
          }
        >
          <Image
            resizeMode="contain"
            source={
              Object {
                "testUri": "../../../app/assets/images/logo.png",
              }
            }
            style={
              Array [
                Object {
                  "height": "100%",
                  "width": "100%",
                },
              ]
            }
          />
        </View>
        <Text
          style={
            Array [
              Object {
                "fontSize": 17,
                "fontWeight": "normal",
                "marginBottom": 5,
                "textAlign": "center",
              },
            ]
          }
        >
          To get started, edit App.js
        </Text>
        <Text
          style={
            Array [
              Object {
                "fontSize": 17,
                "fontStyle": "italic",
                "fontWeight": "normal",
                "marginBottom": 5,
                "textAlign": "center",
              },
            ]
          }
        >
          Press Cmd+R to reload,
Cmd+D or shake for dev menu.
        </Text>
        <View
          style={
            Array [
              Object {},
            ]
          }
        >
          <Text
            style={
              Array [
                Object {
                  "fontSize": 17,
                  "fontWeight": "normal",
                  "marginBottom": 5,
                  "textAlign": "center",
                },
              ]
            }
          >
            <Text
              testID="t"
            >
              character loves Wednesday
            </Text>
          </Text>
          <Text
            style={
              Array [
                Object {
                  "fontSize": 17,
                  "fontWeight": "normal",
                  "marginBottom": 5,
                  "textAlign": "center",
                },
              ]
            }
          >
            <Text
              testID="t"
            >
              because
            </Text>
          </Text>
          <Image
            resizeMode="contain"
            source={
              Object {
                "uri": undefined,
              }
            }
            style={
              Array [
                Object {
                  "height": 80,
                  "marginBottom": 0,
                  "marginLeft": "auto",
                  "marginRight": "auto",
                  "marginTop": 0,
                  "width": 80,
                },
              ]
            }
          />
          <Text
            style={
              Array [
                Object {
                  "fontSize": 17,
                  "fontWeight": "normal",
                  "marginBottom": 5,
                  "textAlign": "center",
                },
              ]
            }
          />
        </View>
        <Button
          style={
            Array [
              Object {
                "marginTop": 40,
              },
            ]
          }
          title="Refresh"
        />
      </View>
    </View>
  </View>
</View>
`;
