// Jest Snapshot v1, https://goo.gl/fbAQLP

exports[`<CharacterWithQuote /> Should render and match the snapshot 1`] = `
[
  <Text
    style={
      {
        "fontSize": 17,
        "fontWeight": "normal",
        "marginBottom": 5,
        "textAlign": "center",
      }
    }
    testID="t"
  >
    character loves Wednesday
  </Text>,
  <Text
    style={
      {
        "fontSize": 17,
        "fontWeight": "normal",
        "marginBottom": 5,
        "textAlign": "center",
      }
    }
    testID="t"
  >
    because
  </Text>,
  <Image
    resizeMode="contain"
    source={
      {
        "uri": undefined,
      }
    }
    style={
      {
        "height": 80,
        "marginBottom": 0,
        "marginLeft": "auto",
        "marginRight": "auto",
        "marginTop": 0,
        "width": 80,
      }
    }
    testID="character-image"
  />,
  <Text
    style={
      {
        "fontSize": 17,
        "fontWeight": "normal",
        "marginBottom": 5,
        "textAlign": "center",
      }
    }
    testID="t"
  />,
]
`;
