// Jest Snapshot v1, https://goo.gl/fbAQLP

exports[`<CharacterWithQuote /> Should render and match the snapshot 1`] = `
Array [
  <Text
    style={
      Array [
        Object {
          "fontSize": 17,
          "fontWeight": "normal",
          "marginBottom": 5,
          "textAlign": "center",
        },
      ]
    }
  >
    character loves Wednesday
  </Text>,
  <Text
    style={
      Array [
        Object {
          "fontSize": 17,
          "fontWeight": "normal",
          "marginBottom": 5,
          "textAlign": "center",
        },
      ]
    }
  >
    because
  </Text>,
  <Image
    resizeMode="contain"
    source={
      Object {
        "uri": undefined,
      }
    }
    style={
      Array [
        Object {
          "height": 80,
          "marginBottom": 0,
          "marginLeft": "auto",
          "marginRight": "auto",
          "marginTop": 0,
          "width": 80,
        },
      ]
    }
    testID="character-image"
  />,
  <Text
    style={
      Array [
        Object {
          "fontSize": 17,
          "fontWeight": "normal",
          "marginBottom": 5,
          "textAlign": "center",
        },
      ]
    }
  />,
]
`;
