// Jest Snapshot v1, https://goo.gl/fbAQLP

exports[`<LogoWithInstructions /> Should render and match the snapshot 1`] = `
<View>
  <View
    style={
      {
        "height": 150,
        "marginBottom": 25,
        "width": "100%",
      }
    }
  >
    <Image
      resizeMode="contain"
      source={
        {
          "testUri": "../../../app/assets/images/wednesday-logo-new.png",
        }
      }
      style={
        {
          "alignSelf": "center",
          "height": "100%",
          "width": "100%",
        }
      }
    />
  </View>
  <Text
    style={
      [
        {
          "fontSize": 17,
          "fontStyle": "italic",
          "fontWeight": "normal",
          "marginBottom": 5,
          "textAlign": "center",
        },
      ]
    }
  />
</View>
`;
